// Jest Snapshot v1, https://goo.gl/fbAQLP

exports[`EditLabel should match snapshot 1`] = `
<div>
  <span
    class="hsedit_label default"
    id="myLabel"
  >
    favorite hero
  </span>
</div>
`;
