// Jest Snapshot v1, https://goo.gl/fbAQLP

exports[`Icon should match snapshot 1`] = `
<div>
  <div
    class="white"
    style="background-color: white;"
  >
    <div
      class="hs_icon"
    >
      <svg
        class="info"
        height="100%"
        viewBox="0 0 24 24"
      >
        <path
          d="M13,9H11V7H13M13,17H11V11H13M12,2A10,10 0 0,0 2,12A10,10 0 0,0 12,22A10,10 0 0,0 22,12A10,10 0 0,0 12,2Z"
        />
      </svg>
      <span
        class="hs_icon_content"
      >
        info
      </span>
    </div>
    <div
      class="hs_icon"
    >
      <svg
        class="warn"
        height="100%"
        viewBox="0 0 24 24"
      >
        <path
          d="M13 14H11V9H13M13 18H11V16H13M1 21H23L12 2L1 21Z"
        />
      </svg>
      <span
        class="hs_icon_content"
      >
        warn
      </span>
    </div>
    <div
      class="hs_icon"
    >
      <svg
        class="stop"
        height="100%"
        viewBox="0 0 24 24"
      >
        <path
          d="M13 13H11V7H13M11 15H13V17H11M15.73 3H8.27L3 8.27V15.73L8.27 21H15.73L21 15.73V8.27L15.73 3Z"
        />
      </svg>
      <span
        class="hs_icon_content"
      >
        stop
      </span>
    </div>
    <div
      class="hs_icon"
    >
      <svg
        class="power"
        height="100%"
        viewBox="0 0 24 24"
      >
        <path
          d="M16.56,5.44L15.11,6.89C16.84,7.94 18,9.83 18,12A6,6 0 0,1 12,18A6,6 0 0,1 6,12C6,9.83 7.16,7.94 8.88,6.88L7.44,5.44C5.36,6.88 4,9.28 4,12A8,8 0 0,0 12,20A8,8 0 0,0 20,12C20,9.28 18.64,6.88 16.56,5.44M13,3H11V13H13"
        />
      </svg>
      <span
        class="hs_icon_content"
      >
        power
      </span>
    </div>
    <div
      class="hs_icon"
    >
      <svg
        class="plus"
        height="100%"
        viewBox="0 0 24 24"
      >
        <path
          d="M19,13H13V19H11V13H5V11H11V5H13V11H19V13Z"
        />
      </svg>
      <span
        class="hs_icon_content"
      >
        plus
      </span>
    </div>
    <div
      class="hs_icon"
    >
      <svg
        class="minus"
        height="100%"
        viewBox="0 0 24 24"
      >
        <path
          d="M19,13H5V11H19V13Z"
        />
      </svg>
      <span
        class="hs_icon_content"
      >
        minus
      </span>
    </div>
    <div
      class="hs_icon"
    >
      <svg
        class="plusminus"
        height="100%"
        viewBox="0 0 24 24"
      >
        <path
          d="M3 7H6V4H8V7H11V9H8V12H6V9H3V7M13 15H21V17H13V15M16.04 3H18.35L7.96 21H5.65L16.04 3Z"
        />
      </svg>
      <span
        class="hs_icon_content"
      >
        plusminus
      </span>
    </div>
    <div
      class="hs_icon"
    >
      <svg
        class="chevronUp"
        height="100%"
        viewBox="0 0 24 24"
      >
        <path
          d="M7.41,15.41L12,10.83L16.59,15.41L18,14L12,8L6,14L7.41,15.41Z"
        />
      </svg>
      <span
        class="hs_icon_content"
      >
        chevronUp
      </span>
    </div>
    <div
      class="hs_icon"
    >
      <svg
        class="chevronDown"
        height="100%"
        viewBox="0 0 24 24"
      >
        <path
          d="M7.41,8.58L12,13.17L16.59,8.58L18,10L12,16L6,10L7.41,8.58Z"
        />
      </svg>
      <span
        class="hs_icon_content"
      >
        chevronDown
      </span>
    </div>
    <div
      class="hs_icon"
    >
      <svg
        class="chevronLeft"
        height="100%"
        viewBox="0 0 24 24"
      >
        <path
          d="M15.41,16.58L10.83,12L15.41,7.41L14,6L8,12L14,18L15.41,16.58Z"
        />
      </svg>
      <span
        class="hs_icon_content"
      >
        chevronLeft
      </span>
    </div>
    <div
      class="hs_icon"
    >
      <svg
        class="chevronRight"
        height="100%"
        viewBox="0 0 24 24"
      >
        <path
          d="M8.59,16.58L13.17,12L8.59,7.41L10,6L16,12L10,18L8.59,16.58Z"
        />
      </svg>
      <span
        class="hs_icon_content"
      >
        chevronRight
      </span>
    </div>
    <div
      class="hs_icon"
    >
      <svg
        class="home"
        height="100%"
        viewBox="0 0 24 24"
      >
        <path
          d="M12 5.69L17 10.19V18H15V12H9V18H7V10.19L12 5.69M12 3L2 12H5V20H11V14H13V20H19V12H22L12 3Z"
        />
      </svg>
      <span
        class="hs_icon_content"
      >
        home
      </span>
    </div>
  </div>
</div>
`;
